server/services/whatsappService.ts(1250,37): error TS7006: Parameter 'log' implicitly has an 'any' type.
